Archive member included because of file (symbol)

/home/nacho/.pebble-sdk/SDKs/current/sdk-core/pebble/basalt/lib/libpebble.a(tmpFRPTsFpebble.o)
                              src/pebble-health-export.c.25.o (app_event_loop)

Discarded input sections

 .text          0x0000000000000000        0x0 /home/nacho/pebble-dev/pebble-sdk-4.5-linux64/arm-cs-tools/bin/../lib/gcc/arm-none-eabi/4.7.2/thumb2/crti.o
 .bss           0x0000000000000000        0x0 /home/nacho/pebble-dev/pebble-sdk-4.5-linux64/arm-cs-tools/bin/../lib/gcc/arm-none-eabi/4.7.2/thumb2/crti.o
 .init          0x0000000000000000        0x4 /home/nacho/pebble-dev/pebble-sdk-4.5-linux64/arm-cs-tools/bin/../lib/gcc/arm-none-eabi/4.7.2/thumb2/crti.o
 .fini          0x0000000000000000        0x4 /home/nacho/pebble-dev/pebble-sdk-4.5-linux64/arm-cs-tools/bin/../lib/gcc/arm-none-eabi/4.7.2/thumb2/crti.o
 .text          0x0000000000000000       0xc8 /home/nacho/pebble-dev/pebble-sdk-4.5-linux64/arm-cs-tools/bin/../lib/gcc/arm-none-eabi/4.7.2/thumb2/crtbegin.o
 .bss           0x0000000000000000       0x1c /home/nacho/pebble-dev/pebble-sdk-4.5-linux64/arm-cs-tools/bin/../lib/gcc/arm-none-eabi/4.7.2/thumb2/crtbegin.o
 .init_array    0x0000000000000000        0x4 /home/nacho/pebble-dev/pebble-sdk-4.5-linux64/arm-cs-tools/bin/../lib/gcc/arm-none-eabi/4.7.2/thumb2/crtbegin.o
 .fini_array    0x0000000000000000        0x4 /home/nacho/pebble-dev/pebble-sdk-4.5-linux64/arm-cs-tools/bin/../lib/gcc/arm-none-eabi/4.7.2/thumb2/crtbegin.o
 .eh_frame      0x0000000000000000        0x0 /home/nacho/pebble-dev/pebble-sdk-4.5-linux64/arm-cs-tools/bin/../lib/gcc/arm-none-eabi/4.7.2/thumb2/crtbegin.o
 .jcr           0x0000000000000000        0x0 /home/nacho/pebble-dev/pebble-sdk-4.5-linux64/arm-cs-tools/bin/../lib/gcc/arm-none-eabi/4.7.2/thumb2/crtbegin.o
 .tm_clone_table
                0x0000000000000000        0x0 /home/nacho/pebble-dev/pebble-sdk-4.5-linux64/arm-cs-tools/bin/../lib/gcc/arm-none-eabi/4.7.2/thumb2/crtbegin.o
 .text          0x0000000000000000        0x0 src/dict_tools.c.25.o
 .bss           0x0000000000000000        0x0 src/dict_tools.c.25.o
 .text          0x0000000000000000        0x0 src/pebble-health-export.c.25.o
 .bss           0x0000000000000000        0x0 src/pebble-health-export.c.25.o
 .text          0x0000000000000000        0x0 src/progress_layer.c.25.o
 .bss           0x0000000000000000        0x0 src/progress_layer.c.25.o
 .text.progress_layer_increment_progress
                0x0000000000000000       0x22 src/progress_layer.c.25.o
 .text          0x0000000000000000        0x0 basalt/appinfo.auto.c.25.o
 .bss           0x0000000000000000        0x0 basalt/appinfo.auto.c.25.o
 .text          0x0000000000000000        0x0 basalt/src/resource_ids.auto.c.25.o
 .bss           0x0000000000000000        0x0 basalt/src/resource_ids.auto.c.25.o
 .text          0x0000000000000000        0x0 src/message_keys.auto.c.25.o
 .bss           0x0000000000000000        0x0 src/message_keys.auto.c.25.o
 .data.MESSAGE_KEY_cfgStart
                0x0000000000000000        0x4 src/message_keys.auto.c.25.o
 .data.MESSAGE_KEY_dataKey
                0x0000000000000000        0x4 src/message_keys.auto.c.25.o
 .data.MESSAGE_KEY_cfgWakeupTime
                0x0000000000000000        0x4 src/message_keys.auto.c.25.o
 .data.MESSAGE_KEY_lastSent
                0x0000000000000000        0x4 src/message_keys.auto.c.25.o
 .data.MESSAGE_KEY_uploadFailed
                0x0000000000000000        0x4 src/message_keys.auto.c.25.o
 .data.MESSAGE_KEY_uploadStart
                0x0000000000000000        0x4 src/message_keys.auto.c.25.o
 .data.MESSAGE_KEY_dataLine
                0x0000000000000000        0x4 src/message_keys.auto.c.25.o
 .data.MESSAGE_KEY_cfgAutoClose
                0x0000000000000000        0x4 src/message_keys.auto.c.25.o
 .data.MESSAGE_KEY_uploadDone
                0x0000000000000000        0x4 src/message_keys.auto.c.25.o
 .data.MESSAGE_KEY_cfgEnd
                0x0000000000000000        0x4 src/message_keys.auto.c.25.o
 .data.MESSAGE_KEY_modalMessage
                0x0000000000000000        0x4 src/message_keys.auto.c.25.o
 .bss           0x0000000000000000        0x0 /home/nacho/.pebble-sdk/SDKs/current/sdk-core/pebble/basalt/lib/libpebble.a(tmpFRPTsFpebble.o)
 .text.accel_data_service_subscribe__deprecated
                0x0000000000000000        0xc /home/nacho/.pebble-sdk/SDKs/current/sdk-core/pebble/basalt/lib/libpebble.a(tmpFRPTsFpebble.o)
 .text.accel_data_service_unsubscribe
                0x0000000000000000        0xc /home/nacho/.pebble-sdk/SDKs/current/sdk-core/pebble/basalt/lib/libpebble.a(tmpFRPTsFpebble.o)
 .text.accel_service_peek
                0x0000000000000000        0xc /home/nacho/.pebble-sdk/SDKs/current/sdk-core/pebble/basalt/lib/libpebble.a(tmpFRPTsFpebble.o)
 .text.accel_service_set_samples_per_update
[...]
Memory Configuration

Name             Origin             Length             Attributes
APP              0x0000000000000000 0x0000000000010000 xrw
*default*        0x0000000000000000 0xffffffffffffffff

Linker script and memory map

LOAD /home/nacho/pebble-dev/pebble-sdk-4.5-linux64/arm-cs-tools/bin/../lib/gcc/arm-none-eabi/4.7.2/thumb2/crti.o
LOAD /home/nacho/pebble-dev/pebble-sdk-4.5-linux64/arm-cs-tools/bin/../lib/gcc/arm-none-eabi/4.7.2/thumb2/crtbegin.o
LOAD src/dict_tools.c.25.o
LOAD src/pebble-health-export.c.25.o
LOAD src/progress_layer.c.25.o
LOAD basalt/appinfo.auto.c.25.o
LOAD basalt/src/resource_ids.auto.c.25.o
LOAD src/message_keys.auto.c.25.o
LOAD /home/nacho/.pebble-sdk/SDKs/current/sdk-core/pebble/basalt/lib/libpebble.a
START GROUP
LOAD /home/nacho/pebble-dev/pebble-sdk-4.5-linux64/arm-cs-tools/bin/../lib/gcc/arm-none-eabi/4.7.2/thumb2/libgcc.a
LOAD /home/nacho/pebble-dev/pebble-sdk-4.5-linux64/arm-cs-tools/bin/../lib/gcc/arm-none-eabi/4.7.2/../../../../arm-none-eabi/lib/thumb2/libc.a
END GROUP
LOAD /home/nacho/pebble-dev/pebble-sdk-4.5-linux64/arm-cs-tools/bin/../lib/gcc/arm-none-eabi/4.7.2/thumb2/crtend.o
LOAD /home/nacho/pebble-dev/pebble-sdk-4.5-linux64/arm-cs-tools/bin/../lib/gcc/arm-none-eabi/4.7.2/thumb2/crtn.o

.header         0x0000000000000000       0x82
 *(.pbl_header)
 .pbl_header    0x0000000000000000       0x82 basalt/appinfo.auto.c.25.o
                0x0000000000000000                __pbl_app_info

.note.gnu.build-id
                0x0000000000000082       0x26
                0x0000000000000082                PROVIDE (BUILD_ID, .)
 *(.note.gnu.build-id)
 *fill*         0x0000000000000082        0x2 
 .note.gnu.build-id
                0x0000000000000084       0x24 linker stubs

.text           0x00000000000000a8     0x1803
 *(.text)
 .text          0x00000000000000a8       0x14 /home/nacho/.pebble-sdk/SDKs/current/sdk-core/pebble/basalt/lib/libpebble.a(tmpFRPTsFpebble.o)
 *(.text.*)
 .text.check_length
                0x00000000000000bc       0x34 src/dict_tools.c.25.o
 .text.tuple_int
                0x00000000000000f0       0xb0 src/dict_tools.c.25.o
                0x00000000000000f0                tuple_int
 .text.tuple_uint
                0x00000000000001a0       0xac src/dict_tools.c.25.o
                0x00000000000001a0                tuple_uint
 .text.record_activity
                0x000000000000024c       0x60 src/pebble-health-export.c.25.o
 .text.outbox_failed_handler
                0x00000000000002ac       0x20 src/pebble-health-export.c.25.o
 .text.window_unload
                0x00000000000002cc       0x3c src/pebble-health-export.c.25.o
 .text.deinit   0x0000000000000308       0xb0 src/pebble-health-export.c.25.o
 .text.update_half_progress.part.0
                0x00000000000003b8       0xc0 src/pebble-health-export.c.25.o
 .text.set_modal_mode
                0x0000000000000478       0x7c src/pebble-health-export.c.25.o
 .text.window_load
                0x00000000000004f4      0x2b4 src/pebble-health-export.c.25.o
 .text.tick_handler
                0x00000000000007a8       0x3c src/pebble-health-export.c.25.o
 .text.send_next_line
                0x00000000000007e4      0x378 src/pebble-health-export.c.25.o
 .text.outbox_sent_handler
                0x0000000000000b5c        0x4 src/pebble-health-export.c.25.o
 .text.inbox_received_handler
                0x0000000000000b60      0x34c src/pebble-health-export.c.25.o
 .text.startup.main
                0x0000000000000eac      0x11c src/pebble-health-export.c.25.o
                0x0000000000000eac                main
 .text.progress_layer_update_proc
                0x0000000000000fc8       0x78 src/progress_layer.c.25.o
 .text.progress_layer_create
                0x0000000000001040       0x40 src/progress_layer.c.25.o
                0x0000000000001040                progress_layer_create
 .text.progress_layer_destroy
                0x0000000000001080        0x8 src/progress_layer.c.25.o
                0x0000000000001080                progress_layer_destroy
 .text.progress_layer_set_progress
                0x0000000000001088       0x1e src/progress_layer.c.25.o
                0x0000000000001088                progress_layer_set_progress
 .text.progress_layer_set_corner_radius
                0x00000000000010a6       0x16 src/progress_layer.c.25.o
                0x00000000000010a6                progress_layer_set_corner_radius
 .text.progress_layer_set_foreground_color
                0x00000000000010bc       0x16 src/progress_layer.c.25.o
                0x00000000000010bc                progress_layer_set_foreground_color
 .text.progress_layer_set_background_color
                0x00000000000010d2       0x16 src/progress_layer.c.25.o
                0x00000000000010d2                progress_layer_set_background_color
 .text.app_event_loop
                0x00000000000010e8        0xc /home/nacho/.pebble-sdk/SDKs/current/sdk-core/pebble/basalt/lib/libpebble.a(tmpFRPTsFpebble.o)
                0x00000000000010e8                app_event_loop
 .text.app_log  0x00000000000010f4        0xc /home/nacho/.pebble-sdk/SDKs/current/sdk-core/pebble/basalt/lib/libpebble.a(tmpFRPTsFpebble.o)
                0x00000000000010f4                app_log
 .text.app_message_open
                0x0000000000001100        0xc /home/nacho/.pebble-sdk/SDKs/current/sdk-core/pebble/basalt/lib/libpebble.a(tmpFRPTsFpebble.o)
                0x0000000000001100                app_message_open
 .text.dict_read_first
                0x000000000000110c        0xc /home/nacho/.pebble-sdk/SDKs/current/sdk-core/pebble/basalt/lib/libpebble.a(tmpFRPTsFpebble.o)
                0x000000000000110c                dict_read_first
 .text.dict_read_next
                0x0000000000001118        0xc /home/nacho/.pebble-sdk/SDKs/current/sdk-core/pebble/basalt/lib/libpebble.a(tmpFRPTsFpebble.o)
                0x0000000000001118                dict_read_next
 .text.dict_write_cstring
                0x0000000000001124        0xc /home/nacho/.pebble-sdk/SDKs/current/sdk-core/pebble/basalt/lib/libpebble.a(tmpFRPTsFpebble.o)
                0x0000000000001124                dict_write_cstring
 .text.dict_write_int
                0x0000000000001130        0xc /home/nacho/.pebble-sdk/SDKs/current/sdk-core/pebble/basalt/lib/libpebble.a(tmpFRPTsFpebble.o)
                0x0000000000001130                dict_write_int
 .text.fonts_get_system_font
                0x000000000000113c        0xc /home/nacho/.pebble-sdk/SDKs/current/sdk-core/pebble/basalt/lib/libpebble.a(tmpFRPTsFpebble.o)
                0x000000000000113c                fonts_get_system_font
 .text.gmtime   0x0000000000001148        0xc /home/nacho/.pebble-sdk/SDKs/current/sdk-core/pebble/basalt/lib/libpebble.a(tmpFRPTsFpebble.o)
                0x0000000000001148                gmtime
 .text.graphics_fill_rect
                0x0000000000001154        0xc /home/nacho/.pebble-sdk/SDKs/current/sdk-core/pebble/basalt/lib/libpebble.a(tmpFRPTsFpebble.o)
                0x0000000000001154                graphics_fill_rect
 .text.layer_add_child
                0x0000000000001160        0xc /home/nacho/.pebble-sdk/SDKs/current/sdk-core/pebble/basalt/lib/libpebble.a(tmpFRPTsFpebble.o)
                0x0000000000001160                layer_add_child
 .text.layer_create_with_data
                0x000000000000116c        0xc /home/nacho/.pebble-sdk/SDKs/current/sdk-core/pebble/basalt/lib/libpebble.a(tmpFRPTsFpebble.o)
                0x000000000000116c                layer_create_with_data
 .text.layer_destroy
                0x0000000000001178        0xc /home/nacho/.pebble-sdk/SDKs/current/sdk-core/pebble/basalt/lib/libpebble.a(tmpFRPTsFpebble.o)
                0x0000000000001178                layer_destroy
 .text.layer_get_bounds
                0x0000000000001184        0xc /home/nacho/.pebble-sdk/SDKs/current/sdk-core/pebble/basalt/lib/libpebble.a(tmpFRPTsFpebble.o)
                0x0000000000001184                layer_get_bounds
 .text.layer_get_data
                0x0000000000001190        0xc /home/nacho/.pebble-sdk/SDKs/current/sdk-core/pebble/basalt/lib/libpebble.a(tmpFRPTsFpebble.o)
                0x0000000000001190                layer_get_data
 .text.layer_mark_dirty
                0x000000000000119c        0xc /home/nacho/.pebble-sdk/SDKs/current/sdk-core/pebble/basalt/lib/libpebble.a(tmpFRPTsFpebble.o)
                0x000000000000119c                layer_mark_dirty
 .text.layer_set_hidden
                0x00000000000011a8        0xc /home/nacho/.pebble-sdk/SDKs/current/sdk-core/pebble/basalt/lib/libpebble.a(tmpFRPTsFpebble.o)
                0x00000000000011a8                layer_set_hidden
 .text.layer_set_update_proc
                0x00000000000011b4        0xc /home/nacho/.pebble-sdk/SDKs/current/sdk-core/pebble/basalt/lib/libpebble.a(tmpFRPTsFpebble.o)
                0x00000000000011b4                layer_set_update_proc
 .text.memset   0x00000000000011c0        0xc /home/nacho/.pebble-sdk/SDKs/current/sdk-core/pebble/basalt/lib/libpebble.a(tmpFRPTsFpebble.o)
                0x00000000000011c0                memset
 .text.persist_read_bool
                0x00000000000011cc        0xc /home/nacho/.pebble-sdk/SDKs/current/sdk-core/pebble/basalt/lib/libpebble.a(tmpFRPTsFpebble.o)
                0x00000000000011cc                persist_read_bool
 .text.persist_read_int
                0x00000000000011d8        0xc /home/nacho/.pebble-sdk/SDKs/current/sdk-core/pebble/basalt/lib/libpebble.a(tmpFRPTsFpebble.o)
                0x00000000000011d8                persist_read_int
 .text.persist_write_bool
                0x00000000000011e4        0xc /home/nacho/.pebble-sdk/SDKs/current/sdk-core/pebble/basalt/lib/libpebble.a(tmpFRPTsFpebble.o)
                0x00000000000011e4                persist_write_bool
 .text.persist_write_int
                0x00000000000011f0        0xc /home/nacho/.pebble-sdk/SDKs/current/sdk-core/pebble/basalt/lib/libpebble.a(tmpFRPTsFpebble.o)
                0x00000000000011f0                persist_write_int
 .text.snprintf
                0x00000000000011fc        0xc /home/nacho/.pebble-sdk/SDKs/current/sdk-core/pebble/basalt/lib/libpebble.a(tmpFRPTsFpebble.o)
                0x00000000000011fc                snprintf
 .text.strcpy   0x0000000000001208        0xc /home/nacho/.pebble-sdk/SDKs/current/sdk-core/pebble/basalt/lib/libpebble.a(tmpFRPTsFpebble.o)
                0x0000000000001208                strcpy
 .text.strftime
                0x0000000000001214        0xc /home/nacho/.pebble-sdk/SDKs/current/sdk-core/pebble/basalt/lib/libpebble.a(tmpFRPTsFpebble.o)
                0x0000000000001214                strftime
 .text.strncpy  0x0000000000001220        0xc /home/nacho/.pebble-sdk/SDKs/current/sdk-core/pebble/basalt/lib/libpebble.a(tmpFRPTsFpebble.o)
                0x0000000000001220                strncpy
 .text.tick_timer_service_subscribe
                0x000000000000122c        0xc /home/nacho/.pebble-sdk/SDKs/current/sdk-core/pebble/basalt/lib/libpebble.a(tmpFRPTsFpebble.o)
                0x000000000000122c                tick_timer_service_subscribe
 .text.window_create
                0x0000000000001238        0xc /home/nacho/.pebble-sdk/SDKs/current/sdk-core/pebble/basalt/lib/libpebble.a(tmpFRPTsFpebble.o)
                0x0000000000001238                window_create
 .text.window_destroy
                0x0000000000001244        0xc /home/nacho/.pebble-sdk/SDKs/current/sdk-core/pebble/basalt/lib/libpebble.a(tmpFRPTsFpebble.o)
                0x0000000000001244                window_destroy
 .text.window_get_root_layer
                0x0000000000001250        0xc /home/nacho/.pebble-sdk/SDKs/current/sdk-core/pebble/basalt/lib/libpebble.a(tmpFRPTsFpebble.o)
                0x0000000000001250                window_get_root_layer
 .text.window_set_window_handlers
                0x000000000000125c        0xc /home/nacho/.pebble-sdk/SDKs/current/sdk-core/pebble/basalt/lib/libpebble.a(tmpFRPTsFpebble.o)
                0x000000000000125c                window_set_window_handlers
 .text.window_stack_pop_all
                0x0000000000001268        0xc /home/nacho/.pebble-sdk/SDKs/current/sdk-core/pebble/basalt/lib/libpebble.a(tmpFRPTsFpebble.o)
                0x0000000000001268                window_stack_pop_all
 .text.window_stack_push
                0x0000000000001274        0xc /home/nacho/.pebble-sdk/SDKs/current/sdk-core/pebble/basalt/lib/libpebble.a(tmpFRPTsFpebble.o)
                0x0000000000001274                window_stack_push
 .text.app_message_outbox_begin
                0x0000000000001280        0xc /home/nacho/.pebble-sdk/SDKs/current/sdk-core/pebble/basalt/lib/libpebble.a(tmpFRPTsFpebble.o)
                0x0000000000001280                app_message_outbox_begin
 .text.app_message_outbox_send
                0x000000000000128c        0xc /home/nacho/.pebble-sdk/SDKs/current/sdk-core/pebble/basalt/lib/libpebble.a(tmpFRPTsFpebble.o)
                0x000000000000128c                app_message_outbox_send
 .text.app_message_register_inbox_received
                0x0000000000001298        0xc /home/nacho/.pebble-sdk/SDKs/current/sdk-core/pebble/basalt/lib/libpebble.a(tmpFRPTsFpebble.o)
                0x0000000000001298                app_message_register_inbox_received
 .text.app_message_register_outbox_failed
                0x00000000000012a4        0xc /home/nacho/.pebble-sdk/SDKs/current/sdk-core/pebble/basalt/lib/libpebble.a(tmpFRPTsFpebble.o)
                0x00000000000012a4                app_message_register_outbox_failed
 .text.app_message_register_outbox_sent
                0x00000000000012b0        0xc /home/nacho/.pebble-sdk/SDKs/current/sdk-core/pebble/basalt/lib/libpebble.a(tmpFRPTsFpebble.o)
                0x00000000000012b0                app_message_register_outbox_sent
 .text.clock_to_timestamp
                0x00000000000012bc        0xc /home/nacho/.pebble-sdk/SDKs/current/sdk-core/pebble/basalt/lib/libpebble.a(tmpFRPTsFpebble.o)
                0x00000000000012bc                clock_to_timestamp
 .text.launch_reason
                0x00000000000012c8        0xc /home/nacho/.pebble-sdk/SDKs/current/sdk-core/pebble/basalt/lib/libpebble.a(tmpFRPTsFpebble.o)
                0x00000000000012c8                launch_reason
 .text.wakeup_cancel_all
                0x00000000000012d4        0xc /home/nacho/.pebble-sdk/SDKs/current/sdk-core/pebble/basalt/lib/libpebble.a(tmpFRPTsFpebble.o)
                0x00000000000012d4                wakeup_cancel_all
 .text.wakeup_schedule
                0x00000000000012e0        0xc /home/nacho/.pebble-sdk/SDKs/current/sdk-core/pebble/basalt/lib/libpebble.a(tmpFRPTsFpebble.o)
                0x00000000000012e0                wakeup_schedule
 .text.graphics_context_set_fill_color
                0x00000000000012ec        0xc /home/nacho/.pebble-sdk/SDKs/current/sdk-core/pebble/basalt/lib/libpebble.a(tmpFRPTsFpebble.o)
                0x00000000000012ec                graphics_context_set_fill_color
 .text.localtime
                0x00000000000012f8        0xc /home/nacho/.pebble-sdk/SDKs/current/sdk-core/pebble/basalt/lib/libpebble.a(tmpFRPTsFpebble.o)
                0x00000000000012f8                localtime
 .text.text_layer_create
                0x0000000000001304        0xc /home/nacho/.pebble-sdk/SDKs/current/sdk-core/pebble/basalt/lib/libpebble.a(tmpFRPTsFpebble.o)
                0x0000000000001304                text_layer_create
 .text.text_layer_destroy
                0x0000000000001310        0xc /home/nacho/.pebble-sdk/SDKs/current/sdk-core/pebble/basalt/lib/libpebble.a(tmpFRPTsFpebble.o)
                0x0000000000001310                text_layer_destroy
 .text.text_layer_get_layer
                0x000000000000131c        0xc /home/nacho/.pebble-sdk/SDKs/current/sdk-core/pebble/basalt/lib/libpebble.a(tmpFRPTsFpebble.o)
                0x000000000000131c                text_layer_get_layer
 .text.text_layer_set_font
                0x0000000000001328        0xc /home/nacho/.pebble-sdk/SDKs/current/sdk-core/pebble/basalt/lib/libpebble.a(tmpFRPTsFpebble.o)
                0x0000000000001328                text_layer_set_font
 .text.text_layer_set_text
                0x0000000000001334        0xc /home/nacho/.pebble-sdk/SDKs/current/sdk-core/pebble/basalt/lib/libpebble.a(tmpFRPTsFpebble.o)
                0x0000000000001334                text_layer_set_text
 .text.text_layer_set_text_alignment
                0x0000000000001340        0xc /home/nacho/.pebble-sdk/SDKs/current/sdk-core/pebble/basalt/lib/libpebble.a(tmpFRPTsFpebble.o)
                0x0000000000001340                text_layer_set_text_alignment
 .text.time     0x000000000000134c        0xc /home/nacho/.pebble-sdk/SDKs/current/sdk-core/pebble/basalt/lib/libpebble.a(tmpFRPTsFpebble.o)
                0x000000000000134c                time
 .text.health_service_activities_iterate
                0x0000000000001358        0xc /home/nacho/.pebble-sdk/SDKs/current/sdk-core/pebble/basalt/lib/libpebble.a(tmpFRPTsFpebble.o)
                0x0000000000001358                health_service_activities_iterate
 .text.health_service_any_activity_accessible
                0x0000000000001364        0xc /home/nacho/.pebble-sdk/SDKs/current/sdk-core/pebble/basalt/lib/libpebble.a(tmpFRPTsFpebble.o)
                0x0000000000001364                health_service_any_activity_accessible
 .text.health_service_get_minute_history
                0x0000000000001370        0xc /home/nacho/.pebble-sdk/SDKs/current/sdk-core/pebble/basalt/lib/libpebble.a(tmpFRPTsFpebble.o)
                0x0000000000001370                health_service_get_minute_history
 .text.health_service_set_heart_rate_sample_period
                0x000000000000137c        0xc /home/nacho/.pebble-sdk/SDKs/current/sdk-core/pebble/basalt/lib/libpebble.a(tmpFRPTsFpebble.o)
                0x000000000000137c                health_service_set_heart_rate_sample_period
 *(.rodata)
 *(.rodata*)
 .rodata.str1.1
                0x0000000000001388      0x10e src/dict_tools.c.25.o
 .rodata.str1.1
                0x0000000000001496      0x415 src/pebble-health-export.c.25.o

.glue_7         0x00000000000018ac        0x0
 .glue_7        0x0000000000000000        0x0 linker stubs

.glue_7t        0x00000000000018ac        0x0
 .glue_7t       0x0000000000000000        0x0 linker stubs

.vfp11_veneer   0x00000000000018ac        0x0
 .vfp11_veneer  0x0000000000000000        0x0 linker stubs

.v4_bx          0x00000000000018ac        0x0
 .v4_bx         0x0000000000000000        0x0 linker stubs

.iplt           0x00000000000018ac        0x0
 .iplt          0x0000000000000000        0x0 /home/nacho/pebble-dev/pebble-sdk-4.5-linux64/arm-cs-tools/bin/../lib/gcc/arm-none-eabi/4.7.2/thumb2/crtbegin.o

.rel.dyn        0x00000000000018ac        0x0
 .rel.iplt      0x0000000000000000        0x0 /home/nacho/pebble-dev/pebble-sdk-4.5-linux64/arm-cs-tools/bin/../lib/gcc/arm-none-eabi/4.7.2/thumb2/crtbegin.o

.data           0x00000000000018ac        0x8
 *(.data)
 .data          0x00000000000018ac        0x0 /home/nacho/pebble-dev/pebble-sdk-4.5-linux64/arm-cs-tools/bin/../lib/gcc/arm-none-eabi/4.7.2/thumb2/crti.o
 .data          0x00000000000018ac        0x4 /home/nacho/pebble-dev/pebble-sdk-4.5-linux64/arm-cs-tools/bin/../lib/gcc/arm-none-eabi/4.7.2/thumb2/crtbegin.o
                0x00000000000018ac                __dso_handle
 .data          0x00000000000018b0        0x0 src/dict_tools.c.25.o
 .data          0x00000000000018b0        0x0 src/pebble-health-export.c.25.o
 .data          0x00000000000018b0        0x0 src/progress_layer.c.25.o
 .data          0x00000000000018b0        0x0 basalt/appinfo.auto.c.25.o
 .data          0x00000000000018b0        0x0 basalt/src/resource_ids.auto.c.25.o
 .data          0x00000000000018b0        0x0 src/message_keys.auto.c.25.o
 .data          0x00000000000018b0        0x0 /home/nacho/.pebble-sdk/SDKs/current/sdk-core/pebble/basalt/lib/libpebble.a(tmpFRPTsFpebble.o)
 .data          0x00000000000018b0        0x0 /home/nacho/pebble-dev/pebble-sdk-4.5-linux64/arm-cs-tools/bin/../lib/gcc/arm-none-eabi/4.7.2/thumb2/crtend.o
 .data          0x00000000000018b0        0x0 /home/nacho/pebble-dev/pebble-sdk-4.5-linux64/arm-cs-tools/bin/../lib/gcc/arm-none-eabi/4.7.2/thumb2/crtn.o
 *(.data.*)
 .data.cfg_wakeup_time
                0x00000000000018b0        0x4 src/pebble-health-export.c.25.o

.igot.plt       0x00000000000018b4        0x0
 .igot.plt      0x0000000000000000        0x0 /home/nacho/pebble-dev/pebble-sdk-4.5-linux64/arm-cs-tools/bin/../lib/gcc/arm-none-eabi/4.7.2/thumb2/crtbegin.o

.bss            0x00000000000018b4     0x6018
 *(.bss)
 *(.bss.*)
 .bss.web       0x00000000000018b4       0x78 src/pebble-health-export.c.25.o
 .bss.minute_index
                0x000000000000192c        0x2 src/pebble-health-export.c.25.o
 *fill*         0x000000000000192e        0x2 
 .bss.minute_first
                0x0000000000001930        0x4 src/pebble-health-export.c.25.o
 .bss.global_buffer
                0x0000000000001934      0x400 src/pebble-health-export.c.25.o
 .bss.modal_text_layer
                0x0000000000001d34        0x4 src/pebble-health-export.c.25.o
 .bss.display_dirty
                0x0000000000001d38        0x1 src/pebble-health-export.c.25.o
 *fill*         0x0000000000001d39        0x1 
 .bss.minute_data
                0x0000000000001d3a     0x4380 src/pebble-health-export.c.25.o
 .bss.modal_text
                0x00000000000060ba      0x100 src/pebble-health-export.c.25.o
 *fill*         0x00000000000061ba        0x2 
 .bss.minute_activity
                0x00000000000061bc     0x1680 src/pebble-health-export.c.25.o
 .bss.minute_last
                0x000000000000783c        0x4 src/pebble-health-export.c.25.o
 .bss.auto_close
                0x0000000000007840        0x1 src/pebble-health-export.c.25.o
 *fill*         0x0000000000007841        0x3 
 .bss.last_key  0x0000000000007844        0x4 src/pebble-health-export.c.25.o
 .bss.minute_data_size
                0x0000000000007848        0x2 src/pebble-health-export.c.25.o
 *fill*         0x000000000000784a        0x2 
 .bss.phone     0x000000000000784c       0x78 src/pebble-health-export.c.25.o
 .bss.modal_displayed
                0x00000000000078c4        0x1 src/pebble-health-export.c.25.o
 .bss.configuring
                0x00000000000078c5        0x1 src/pebble-health-export.c.25.o
 .bss.cfg_auto_close
                0x00000000000078c6        0x1 src/pebble-health-export.c.25.o
 .bss.sending_data
                0x00000000000078c7        0x1 src/pebble-health-export.c.25.o
 .bss.window    0x00000000000078c8        0x4 src/pebble-health-export.c.25.o

DISCARD
 libc.a(*)
 libm.a(*)
 libgcc.a(*)
 *(.eh_frame)
OUTPUT(/home/nacho/pebble-health-export/build/basalt/pebble-app.elf elf32-littlearm)

.ARM.attributes
                0x0000000000000000       0x27
 .ARM.attributes
                0x0000000000000000       0x19 /home/nacho/pebble-dev/pebble-sdk-4.5-linux64/arm-cs-tools/bin/../lib/gcc/arm-none-eabi/4.7.2/thumb2/crti.o
 .ARM.attributes
                0x0000000000000019       0x29 /home/nacho/pebble-dev/pebble-sdk-4.5-linux64/arm-cs-tools/bin/../lib/gcc/arm-none-eabi/4.7.2/thumb2/crtbegin.o
 .ARM.attributes
                0x0000000000000042       0x33 src/dict_tools.c.25.o
 .ARM.attributes
                0x0000000000000075       0x33 src/pebble-health-export.c.25.o
 .ARM.attributes
                0x00000000000000a8       0x33 src/progress_layer.c.25.o
 .ARM.attributes
                0x00000000000000db       0x33 basalt/appinfo.auto.c.25.o
 .ARM.attributes
                0x000000000000010e       0x33 basalt/src/resource_ids.auto.c.25.o
 .ARM.attributes
                0x0000000000000141       0x33 src/message_keys.auto.c.25.o
 .ARM.attributes
                0x0000000000000174       0x21 /home/nacho/.pebble-sdk/SDKs/current/sdk-core/pebble/basalt/lib/libpebble.a(tmpFRPTsFpebble.o)
 .ARM.attributes
                0x0000000000000195       0x29 /home/nacho/pebble-dev/pebble-sdk-4.5-linux64/arm-cs-tools/bin/../lib/gcc/arm-none-eabi/4.7.2/thumb2/crtend.o
 .ARM.attributes
                0x00000000000001be       0x19 /home/nacho/pebble-dev/pebble-sdk-4.5-linux64/arm-cs-tools/bin/../lib/gcc/arm-none-eabi/4.7.2/thumb2/crtn.o

.comment        0x0000000000000000       0x4e
 .comment       0x0000000000000000       0x4e /home/nacho/pebble-dev/pebble-sdk-4.5-linux64/arm-cs-tools/bin/../lib/gcc/arm-none-eabi/4.7.2/thumb2/crtbegin.o
                                         0x4f (size before relaxing)
 .comment       0x0000000000000000       0x4f src/dict_tools.c.25.o
 .comment       0x0000000000000000       0x4f src/pebble-health-export.c.25.o
 .comment       0x0000000000000000       0x4f src/progress_layer.c.25.o
 .comment       0x0000000000000000       0x4f basalt/appinfo.auto.c.25.o
 .comment       0x0000000000000000       0x4f basalt/src/resource_ids.auto.c.25.o
 .comment       0x0000000000000000       0x4f src/message_keys.auto.c.25.o
 .comment       0x0000000000000000       0x4f /home/nacho/pebble-dev/pebble-sdk-4.5-linux64/arm-cs-tools/bin/../lib/gcc/arm-none-eabi/4.7.2/thumb2/crtend.o

.debug_info     0x0000000000000000     0x3503
 .debug_info    0x0000000000000000      0x40b src/dict_tools.c.25.o
 .debug_info    0x000000000000040b     0x2426 src/pebble-health-export.c.25.o
 .debug_info    0x0000000000002831      0x7f0 src/progress_layer.c.25.o
 .debug_info    0x0000000000003021      0x349 basalt/appinfo.auto.c.25.o
 .debug_info    0x000000000000336a       0x64 basalt/src/resource_ids.auto.c.25.o
 .debug_info    0x00000000000033ce      0x135 src/message_keys.auto.c.25.o

.debug_abbrev   0x0000000000000000      0xa3f
 .debug_abbrev  0x0000000000000000      0x1b9 src/dict_tools.c.25.o
 .debug_abbrev  0x00000000000001b9      0x4f6 src/pebble-health-export.c.25.o
 .debug_abbrev  0x00000000000006af      0x288 src/progress_layer.c.25.o
 .debug_abbrev  0x0000000000000937       0x9e basalt/appinfo.auto.c.25.o
 .debug_abbrev  0x00000000000009d5       0x26 basalt/src/resource_ids.auto.c.25.o
 .debug_abbrev  0x00000000000009fb       0x44 src/message_keys.auto.c.25.o

.debug_loc      0x0000000000000000      0xf9e
 .debug_loc     0x0000000000000000      0x1c0 src/dict_tools.c.25.o
 .debug_loc     0x00000000000001c0      0xa60 src/pebble-health-export.c.25.o
 .debug_loc     0x0000000000000c20      0x37e src/progress_layer.c.25.o

.debug_aranges  0x0000000000000000      0x148
 .debug_aranges
                0x0000000000000000       0x30 src/dict_tools.c.25.o
 .debug_aranges
                0x0000000000000030       0x78 src/pebble-health-export.c.25.o
 .debug_aranges
                0x00000000000000a8       0x58 src/progress_layer.c.25.o
 .debug_aranges
                0x0000000000000100       0x18 basalt/appinfo.auto.c.25.o
 .debug_aranges
                0x0000000000000118       0x18 basalt/src/resource_ids.auto.c.25.o
 .debug_aranges
                0x0000000000000130       0x18 src/message_keys.auto.c.25.o

.debug_ranges   0x0000000000000000      0x1f8
 .debug_ranges  0x0000000000000000       0x20 src/dict_tools.c.25.o
 .debug_ranges  0x0000000000000020      0x178 src/pebble-health-export.c.25.o
 .debug_ranges  0x0000000000000198       0x60 src/progress_layer.c.25.o

.debug_line     0x0000000000000000      0xaee
 .debug_line    0x0000000000000000      0x17f src/dict_tools.c.25.o
 .debug_line    0x000000000000017f      0x512 src/pebble-health-export.c.25.o
 .debug_line    0x0000000000000691      0x25d src/progress_layer.c.25.o
 .debug_line    0x00000000000008ee      0x11f basalt/appinfo.auto.c.25.o
 .debug_line    0x0000000000000a0d       0x1d basalt/src/resource_ids.auto.c.25.o
 .debug_line    0x0000000000000a2a       0xc4 src/message_keys.auto.c.25.o

.debug_str      0x0000000000000000     0x173e
 .debug_str     0x0000000000000000      0x1d8 src/dict_tools.c.25.o
                                        0x258 (size before relaxing)
 .debug_str     0x00000000000001d8      0xf61 src/pebble-health-export.c.25.o
                                       0x11e6 (size before relaxing)
 .debug_str     0x0000000000001139      0x1db src/progress_layer.c.25.o
                                        0x45f (size before relaxing)
 .debug_str     0x0000000000001314      0x2f9 basalt/appinfo.auto.c.25.o
                                        0x3d8 (size before relaxing)
 .debug_str     0x000000000000160d       0x1f basalt/src/resource_ids.auto.c.25.o
                                         0xd6 (size before relaxing)
 .debug_str     0x000000000000162c      0x112 src/message_keys.auto.c.25.o
                                        0x1d2 (size before relaxing)

.debug_frame    0x0000000000000000      0x2c8
 .debug_frame   0x0000000000000000       0x64 src/dict_tools.c.25.o
 .debug_frame   0x0000000000000064      0x17c src/pebble-health-export.c.25.o
 .debug_frame   0x00000000000001e0       0xe8 src/progress_layer.c.25.o
